---
source: src/lock_file/satisfiability.rs
expression: s
---
environment 'default' does not satisfy the requirements of the project
    Diagnostic severity: error
    Caused by: platform(s) 'osx-arm64' present in the lock-file but not in the environment
