---
source: crates/pixi_manifest/src/discovery.rs
expression: snapshot
---
Discovered workspace at: 3tier-resolution-mixed/pixi.toml
- Name: 3tier-resolution-workspace
Package: 3tier-resolution-workspace @ 1.0.0
