---
source: crates/pixi_manifest/src/document.rs
assertion_line: 408
expression: table
---
"rattler >=1" = ">=1"
"conda-forge::rattler" = { channel = "conda-forge" }
"conda-forge::rattler[version=>3.0]" = { version = ">3.0", channel = "conda-forge" }
"rattler 1 *cuda" = { version = "==1", build = "*cuda" }
"rattler >=1 *cuda" = { version = ">=1", build = "*cuda" }
