---
source: src/cli/project/export/conda_environment.rs
assertion_line: 250
expression: env_yaml.unwrap().to_yaml_string()
---
name: default
channels:
- conda-forge
dependencies:
- python *
- pip
- pip:
  - rich~=13.7
  - flask @ git+https://github.com/pallets/flask
  - requests @ git+https://github.com/psf/requests.git@0106aced5faa299e6ede89d1230bd6784f2c3660
  - -e ./minimal-project
  - click @ https://github.com/pallets/click/releases/download/8.1.7/click-8.1.7-py3-none-any.whl
  - pytest @ git+https://github.com/pytest-dev/pytest.git
