---
source: src/cli/init.rs
expression: "(parse_dependencies(env_info.dependencies().clone()).unwrap(),\n    parse_channels(env_info.channels().clone()), env_info.name())"
---
(
    (
        [
            MatchSpec {
                name: Some(
                    PackageName {
                        normalized: None,
                        source: "python",
                    },
                ),
                version: Some(
                    StrictRange(
                        StartsWith,
                        StrictVersion(
                            Version {
                                version: [[0], [3], [8]],
                                local: [],
                            },
                        ),
                    ),
                ),
                build: None,
                build_number: None,
                file_name: None,
                channel: None,
                subdir: None,
                namespace: None,
                md5: None,
                sha256: None,
            },
            MatchSpec {
                name: Some(
                    PackageName {
                        normalized: None,
                        source: "numpy",
                    },
                ),
                version: Some(
                    Range(
                        GreaterEquals,
                        Version {
                            version: [[0], [1], [24], [2]],
                            local: [],
                        },
                    ),
                ),
                build: None,
                build_number: None,
                file_name: None,
                channel: None,
                subdir: None,
                namespace: None,
                md5: None,
                sha256: None,
            },
            MatchSpec {
                name: Some(
                    PackageName {
                        normalized: None,
                        source: "jupyter",
                    },
                ),
                version: Some(
                    StrictRange(
                        StartsWith,
                        StrictVersion(
                            Version {
                                version: [[0], [1], [0], [0]],
                                local: [],
                            },
                        ),
                    ),
                ),
                build: None,
                build_number: None,
                file_name: None,
                channel: None,
                subdir: None,
                namespace: None,
                md5: None,
                sha256: None,
            },
            MatchSpec {
                name: Some(
                    PackageName {
                        normalized: None,
                        source: "pandas",
                    },
                ),
                version: Some(
                    Range(
                        GreaterEquals,
                        Version {
                            version: [[0], [1], [5], [3]],
                            local: [],
                        },
                    ),
                ),
                build: None,
                build_number: None,
                file_name: None,
                channel: None,
                subdir: None,
                namespace: None,
                md5: None,
                sha256: None,
            },
            MatchSpec {
                name: Some(
                    PackageName {
                        normalized: None,
                        source: "geopandas",
                    },
                ),
                version: Some(
                    Range(
                        GreaterEquals,
                        Version {
                            version: [[0], [0], [12], [2]],
                            local: [],
                        },
                    ),
                ),
                build: None,
                build_number: None,
                file_name: None,
                channel: None,
                subdir: None,
                namespace: None,
                md5: None,
                sha256: None,
            },
            MatchSpec {
                name: Some(
                    PackageName {
                        normalized: None,
                        source: "shapely",
                    },
                ),
                version: Some(
                    Range(
                        GreaterEquals,
                        Version {
                            version: [[0], [2], [0], [0]],
                            local: [],
                        },
                    ),
                ),
                build: None,
                build_number: None,
                file_name: None,
                channel: None,
                subdir: None,
                namespace: None,
                md5: None,
                sha256: None,
            },
            MatchSpec {
                name: Some(
                    PackageName {
                        normalized: None,
                        source: "pytest",
                    },
                ),
                version: Some(
                    Range(
                        GreaterEquals,
                        Version {
                            version: [[0], [7], [2], [1]],
                            local: [],
                        },
                    ),
                ),
                build: None,
                build_number: None,
                file_name: None,
                channel: None,
                subdir: None,
                namespace: None,
                md5: None,
                sha256: None,
            },
            MatchSpec {
                name: Some(
                    PackageName {
                        normalized: None,
                        source: "pip",
                    },
                ),
                version: None,
                build: None,
                build_number: None,
                file_name: None,
                channel: None,
                subdir: None,
                namespace: None,
                md5: None,
                sha256: None,
            },
        ],
        [
            (
                PyPiPackageName {
                    source: "pypng",
                    normalized: PackageName(
                        "pypng",
                    ),
                },
                RawVersion(
                    Star,
                ),
            ),
            (
                PyPiPackageName {
                    source: "palettable",
                    normalized: PackageName(
                        "palettable",
                    ),
                },
                RawVersion(
                    Star,
                ),
            ),
        ],
        [],
    ),
    [
        "conda-forge",
        "main",
        "r",
        "msys2",
    ],
    Some(
        "lets-plot-python-module",
    ),
)
