---
source: crates/pixi_manifest/src/pypi/pypi_options.rs
assertion_line: 224
expression: merged_opts.err().unwrap()
---
multiple primary pypi indexes are not supported, found both https://example.com/pypi and https://example.com/pypi2 across multiple pypi options
