---
source: crates/pixi_manifest/src/manifests/workspace.rs
expression: "examples.into_iter().map(|example|\nWorkspaceManifest::from_toml_str(&example).unwrap_err().to_string()).collect::<Vec<_>>().join(\"\\n\")"
---
unknown field `foobar`, expected one of `project`, `workspace`, `package`, `system-requirements`, `target`, `dependencies`, `host-dependencies`, `build-dependencies`, `pypi-dependencies`, `activation`, `tasks`, `feature`, `environments`, `pypi-options`, `build-system`, `$schema`, `tool`
unknown field `hostdependencies`, expected one of `dependencies`, `host-dependencies`, `build-dependencies`, `pypi-dependencies`, `activation`, `tasks`
Failed to parse environment name 'INVALID', please use only lowercase letters, numbers and dashes
