---
source: crates/pixi_manifest/src/toml/pypi_options.rs
assertion_line: 317
expression: options
---
PypiOptions {
    index_url: None,
    extra_index_urls: None,
    find_links: None,
    no_build_isolation: Packages(
        {},
    ),
    index_strategy: None,
    no_build: None,
    no_binary: Some(
        Packages(
            {
                PackageName(
                    "package1",
                ),
            },
        ),
    ),
}
