---
source: crates/pixi_manifest/src/toml/environment.rs
expression: "format_parse_error(input, TopLevel::from_toml_str(input).unwrap_err())"
---
  × missing field 'features' in table
   ╭─[pixi.toml:2:19]
 1 │
 2 │             env = {}
   ·                   ──
 3 │
   ╰────
