---
source: crates/pixi_manifest/src/toml/system_requirements.rs
expression: "format_parse_error(input, result)"
---
  × Unexpected keys, expected only 'family', 'version'
   ╭─[pixi.toml:4:9]
 3 │         version = "2.12"
 4 │         fam = "glibc"
   ·         ─┬─
   ·          ╰── 'fam' was not expected here
 5 │
   ╰────
  help: Did you mean 'family'?
