---
source: src/project/virtual_packages.rs
expression: packages
---
[]
