---
source: src/project/mod.rs
expression: "project.manifest.tasks(Some(Platform::Win64), &FeatureName::Default).unwrap()"
---
{
    TaskName(
        "test",
    ): Plain(
        "test win",
    ),
}
